<html>
<body>
<pre>
<h1>µVision Build Log</h1>
<h2>Tool Versions:</h2>
IDE-Version: µVision V5.39.0.0
Copyright (C) 2023 ARM Ltd and ARM Germany GmbH. All rights reserved.
License Information: Oviya Seeniraj, UCSB, LIC=----
 
Tool Versions:
Toolchain:       MDK-Lite  Version: 5.39.0.0
Toolchain Path:  C:\Keil_v5\ARM\ARMCLANG\Bin
C Compiler:      ArmClang.exe V6.21
Assembler:       Armasm.exe V6.21
Linker/Locator:  ArmLink.exe V6.21
Library Manager: ArmAr.exe V6.21
Hex Converter:   FromElf.exe V6.21
CPU DLL:         SARMCM3.DLL V5.39.0.0
Dialog DLL:      DCM.DLL V1.17.5.0
Target DLL:      STLink\ST-LINKIII-KEIL_SWO.dll V3.2.0.0
Dialog DLL:      TCM.DLL V1.56.4.0
 
<h2>Project:</h2>
C:\Users\Oviya\Downloads\Template_L2 (2)\Template_L2\Template_L2\2C\project.uvprojx
Project File Date:  04/19/2024

<h2>Output:</h2>
*** Using Compiler 'V6.21', folder: 'C:\Keil_v5\ARM\ARMCLANG\Bin'
Build target 'Target 1'
compiling LED.c...
src/main.c(15): warning: no previous extern declaration for non-static variable 'strTime' [-Wmissing-variable-declarations]
   15 | char strTime[12] = {0};
      |      ^
src/main.c(15): note: declare 'static' if the variable is not intended to be used outside of this translation unit
   15 | char strTime[12] = {0};
      | ^
src/main.c(16): warning: no previous extern declaration for non-static variable 'strDate' [-Wmissing-variable-declarations]
   16 | char strDate[12] = {0};
      |      ^
src/main.c(16): note: declare 'static' if the variable is not intended to be used outside of this translation unit
   16 | char strDate[12] = {0};
      | ^
src/main.c(23): warning: use of logical '&&' with constant operand [-Wconstant-logical-operand]
   23 |         while (!(RTC_ISR_ALRAWF && RTC_ISR_ALRBWF)){}//wait till alarm registers can be written to
      |                                 ^  ~~~~~~~~~~~~~~
src/main.c(23): note: use '&' for a bitwise operation
   23 |         while (!(RTC_ISR_ALRAWF && RTC_ISR_ALRBWF)){}//wait till alarm registers can be written to
      |                                 ^~
      |                                 &
src/main.c(23): note: remove constant to silence this warning
   23 |         while (!(RTC_ISR_ALRAWF && RTC_ISR_ALRBWF)){}//wait till alarm registers can be written to
      |                                 ^~~~~~~~~~~~~~~~~
src/main.c(18): warning: no previous prototype for function 'RTC_Set_Alarm' [-Wmissing-prototypes]
   18 | void RTC_Set_Alarm(void) {
      |      ^
src/main.c(18): note: declare 'static' if the function is not intended to be used outside of this translation unit
   18 | void RTC_Set_Alarm(void) {
      | ^
      | static 
src/main.c(41): warning: no previous prototype for function 'RTC_Alarm_Enable' [-Wmissing-prototypes]
   41 | void RTC_Alarm_Enable(void) {
      |      ^
src/main.c(41): note: declare 'static' if the function is not intended to be used outside of this translation unit
   41 | void RTC_Alarm_Enable(void) {
      | ^
      | static 
src/main.c(50): warning: no previous prototype for function 'RTC_Alarm_IRQHandler' [-Wmissing-prototypes]
   50 | void RTC_Alarm_IRQHandler(void) {
      |      ^
src/main.c(50): note: declare 'static' if the function is not intended to be used outside of this translation unit
   50 | void RTC_Alarm_IRQHandler(void) {
      | ^
      | static 
6 warnings generated.
compiling main.c...
linking...
Program Size: Code=10220 RO-data=992 RW-data=0 ZI-data=1656  
FromELF: creating hex file...
".\Objects\project.axf" - 0 Error(s), 6 Warning(s).

<h2>Software Packages used:</h2>

Package Vendor: ARM
                http://www.keil.com/pack/ARM.CMSIS.5.9.0.pack
                ARM::CMSIS@5.9.0
                CMSIS (Common Microcontroller Software Interface Standard)
   * Component: CORE Version: 5.6.0

Package Vendor: Keil
                https://www.keil.com/pack/Keil.STM32L4xx_DFP.2.7.0.pack
                Keil::STM32L4xx_DFP@2.7.0
                STMicroelectronics STM32L4 Series Device Support, Drivers and Examples

<h2>Collection of Component include folders:</h2>
  ./RTE/_Target_1
  C:/Users/Oviya/AppData/Local/Arm/Packs/ARM/CMSIS/5.9.0/CMSIS/Core/Include
  C:/Users/Oviya/AppData/Local/Arm/Packs/Keil/STM32L4xx_DFP/2.7.0/Drivers/CMSIS/Device/ST/STM32L4xx/Include

<h2>Collection of Component Files used:</h2>

   * Component: ARM::CMSIS:CORE@5.6.0
Build Time Elapsed:  00:00:00
</pre>
</body>
</html>
